{
  "version": "1.5.0",
  "plugins_used": [
    {
      "name": "ArtifactoryDetector"
    },
    {
      "name": "AWSKeyDetector"
    },
    {
      "name": "AzureStorageKeyDetector"
    },
    {
      "name": "Base64HighEntropyString",
      "limit": 4.5
    },
    {
      "name": "BasicAuthDetector"
    },
    {
      "name": "CloudantDetector"
    },
    {
      "name": "DiscordBotTokenDetector"
    },
    {
      "name": "GitHubTokenDetector"
    },
    {
      "name": "GitLabTokenDetector"
    },
    {
      "name": "HexHighEntropyString",
      "limit": 3.0
    },
    {
      "name": "IbmCloudIamDetector"
    },
    {
      "name": "IbmCosHmacDetector"
    },
    {
      "name": "IPPublicDetector"
    },
    {
      "name": "JwtTokenDetector"
    },
    {
      "name": "KeywordDetector",
      "keyword_exclude": ""
    },
    {
      "name": "MailchimpDetector"
    },
    {
      "name": "NpmDetector"
    },
    {
      "name": "OpenAIDetector"
    },
    {
      "name": "PrivateKeyDetector"
    },
    {
      "name": "PypiTokenDetector"
    },
    {
      "name": "SendGridDetector"
    },
    {
      "name": "SlackDetector"
    },
    {
      "name": "SoftlayerDetector"
    },
    {
      "name": "SquareOAuthDetector"
    },
    {
      "name": "StripeDetector"
    },
    {
      "name": "TelegramBotTokenDetector"
    },
    {
      "name": "TwilioKeyDetector"
    }
  ],
  "filters_used": [
    {
      "path": "detect_secrets.filters.allowlist.is_line_allowlisted"
    },
    {
      "path": "detect_secrets.filters.common.is_ignored_due_to_verification_policies",
      "min_level": 2
    },
    {
      "path": "detect_secrets.filters.heuristic.is_indirect_reference"
    },
    {
      "path": "detect_secrets.filters.heuristic.is_likely_id_string"
    },
    {
      "path": "detect_secrets.filters.heuristic.is_lock_file"
    },
    {
      "path": "detect_secrets.filters.heuristic.is_not_alphanumeric_string"
    },
    {
      "path": "detect_secrets.filters.heuristic.is_potential_uuid"
    },
    {
      "path": "detect_secrets.filters.heuristic.is_prefixed_with_dollar_sign"
    },
    {
      "path": "detect_secrets.filters.heuristic.is_sequential_string"
    },
    {
      "path": "detect_secrets.filters.heuristic.is_swagger_file"
    },
    {
      "path": "detect_secrets.filters.heuristic.is_templated_secret"
    }
  ],
  "results": {
    ".ubon/results-cache.json": [
      {
        "type": "Hex High Entropy String",
        "filename": ".ubon/results-cache.json",
        "hashed_secret": "42669a735d2e60f435bb23e01113fbf0f2a5980b",
        "is_verified": false,
        "line_number": 5
      },
      {
        "type": "Hex High Entropy String",
        "filename": ".ubon/results-cache.json",
        "hashed_secret": "fb6cdc7978709824b8d9028ad06dc26f24a95ac8",
        "is_verified": false,
        "line_number": 9
      },
      {
        "type": "Hex High Entropy String",
        "filename": ".ubon/results-cache.json",
        "hashed_secret": "6953405e0b23014f524492e01a2b48a9c1fdb36a",
        "is_verified": false,
        "line_number": 13
      },
      {
        "type": "Hex High Entropy String",
        "filename": ".ubon/results-cache.json",
        "hashed_secret": "5b350d681762956e4eb772d492370d7a66934e3a",
        "is_verified": false,
        "line_number": 17
      },
      {
        "type": "Hex High Entropy String",
        "filename": ".ubon/results-cache.json",
        "hashed_secret": "9b8b9b8a7c0491fe075b75c59fc0c823457e1641",
        "is_verified": false,
        "line_number": 21
      },
      {
        "type": "Hex High Entropy String",
        "filename": ".ubon/results-cache.json",
        "hashed_secret": "2c45d1bc85999dc4a5fed06e2ff8e4d57d0577d6",
        "is_verified": false,
        "line_number": 25
      },
      {
        "type": "Hex High Entropy String",
        "filename": ".ubon/results-cache.json",
        "hashed_secret": "521037f78a1a0924d6ba035ebbae2159dd45b432",
        "is_verified": false,
        "line_number": 29
      },
      {
        "type": "Hex High Entropy String",
        "filename": ".ubon/results-cache.json",
        "hashed_secret": "1b7ecd34169d5e2ac3ec69f965b58082cf6941be",
        "is_verified": false,
        "line_number": 33
      },
      {
        "type": "Hex High Entropy String",
        "filename": ".ubon/results-cache.json",
        "hashed_secret": "c6a419fe7a3a859e8aeeb5324cfde4f2e92f910e",
        "is_verified": false,
        "line_number": 37
      },
      {
        "type": "Hex High Entropy String",
        "filename": ".ubon/results-cache.json",
        "hashed_secret": "ef47fe3f3f8d639a406aa781986363b06c622327",
        "is_verified": false,
        "line_number": 41
      },
      {
        "type": "Hex High Entropy String",
        "filename": ".ubon/results-cache.json",
        "hashed_secret": "a1c0a88a6b106ca64f264ab99d972fa2b13829a0",
        "is_verified": false,
        "line_number": 158
      },
      {
        "type": "Hex High Entropy String",
        "filename": ".ubon/results-cache.json",
        "hashed_secret": "ae823e62e88a574d2e2f261d70ee2eefc87da956",
        "is_verified": false,
        "line_number": 191
      },
      {
        "type": "Hex High Entropy String",
        "filename": ".ubon/results-cache.json",
        "hashed_secret": "b33498b2a0c2f7fa9ec1ff6d3f53d6ee4d334806",
        "is_verified": false,
        "line_number": 195
      },
      {
        "type": "Hex High Entropy String",
        "filename": ".ubon/results-cache.json",
        "hashed_secret": "6f25e5714bfcef13e48305a9af9046916785597d",
        "is_verified": false,
        "line_number": 199
      },
      {
        "type": "Hex High Entropy String",
        "filename": ".ubon/results-cache.json",
        "hashed_secret": "68a6ac803f4f855d17947a38f5f8980899b3ac92",
        "is_verified": false,
        "line_number": 316
      },
      {
        "type": "Hex High Entropy String",
        "filename": ".ubon/results-cache.json",
        "hashed_secret": "ba1fdc4d872335c33791342ef3abbd990234f702",
        "is_verified": false,
        "line_number": 349
      },
      {
        "type": "Hex High Entropy String",
        "filename": ".ubon/results-cache.json",
        "hashed_secret": "6a739ab0c7a7faba1feafe949587e8664222db6c",
        "is_verified": false,
        "line_number": 718
      },
      {
        "type": "Hex High Entropy String",
        "filename": ".ubon/results-cache.json",
        "hashed_secret": "3009ad3f4d8abe0ce8bfd0da75ac39a2b094fbb6",
        "is_verified": false,
        "line_number": 947
      },
      {
        "type": "Hex High Entropy String",
        "filename": ".ubon/results-cache.json",
        "hashed_secret": "86b723fb25f6fc3a1c6408597410aaa72bb5e6e1",
        "is_verified": false,
        "line_number": 1260
      },
      {
        "type": "Hex High Entropy String",
        "filename": ".ubon/results-cache.json",
        "hashed_secret": "f177b4f80d653b3ff09f46ba8d7e2438917882b0",
        "is_verified": false,
        "line_number": 1461
      },
      {
        "type": "Hex High Entropy String",
        "filename": ".ubon/results-cache.json",
        "hashed_secret": "fe8e284440b8602384b96663aa3cd9e48c5d4f27",
        "is_verified": false,
        "line_number": 1942
      },
      {
        "type": "Hex High Entropy String",
        "filename": ".ubon/results-cache.json",
        "hashed_secret": "79a2a679f23e63b9c0893e2a69d4c75b3b184265",
        "is_verified": false,
        "line_number": 1946
      },
      {
        "type": "Hex High Entropy String",
        "filename": ".ubon/results-cache.json",
        "hashed_secret": "1e5bddebb17f80dca4b9677b96b4c3674cd8e912",
        "is_verified": false,
        "line_number": 2147
      },
      {
        "type": "Hex High Entropy String",
        "filename": ".ubon/results-cache.json",
        "hashed_secret": "db289a0ead640367527a14fadeb0c55312d59c4a",
        "is_verified": false,
        "line_number": 2151
      },
      {
        "type": "Hex High Entropy String",
        "filename": ".ubon/results-cache.json",
        "hashed_secret": "bd1d93f09a25176873114e15e9a7f06a6b065292",
        "is_verified": false,
        "line_number": 2155
      },
      {
        "type": "Hex High Entropy String",
        "filename": ".ubon/results-cache.json",
        "hashed_secret": "b0a8c055e54169715cba684679634228a0b03f48",
        "is_verified": false,
        "line_number": 2159
      },
      {
        "type": "Hex High Entropy String",
        "filename": ".ubon/results-cache.json",
        "hashed_secret": "26ced532749f507be30d4c4a3d0fe94c70e9759b",
        "is_verified": false,
        "line_number": 2163
      },
      {
        "type": "Hex High Entropy String",
        "filename": ".ubon/results-cache.json",
        "hashed_secret": "92bcac6a1fb090c8b15ba9cc638151b322a648d0",
        "is_verified": false,
        "line_number": 2167
      },
      {
        "type": "Hex High Entropy String",
        "filename": ".ubon/results-cache.json",
        "hashed_secret": "8e1c34c67583906376e7fda91c07766d202fa714",
        "is_verified": false,
        "line_number": 2171
      },
      {
        "type": "Hex High Entropy String",
        "filename": ".ubon/results-cache.json",
        "hashed_secret": "01317d13de5464f73f7685fe313f33c502373875",
        "is_verified": false,
        "line_number": 2175
      },
      {
        "type": "Hex High Entropy String",
        "filename": ".ubon/results-cache.json",
        "hashed_secret": "ed42ad6f8bf4612bf2c75d35dad981e8145b0753",
        "is_verified": false,
        "line_number": 2179
      },
      {
        "type": "Hex High Entropy String",
        "filename": ".ubon/results-cache.json",
        "hashed_secret": "6d8a91dae44ce45d140be1f6d748e6982b2e4c97",
        "is_verified": false,
        "line_number": 2183
      },
      {
        "type": "Hex High Entropy String",
        "filename": ".ubon/results-cache.json",
        "hashed_secret": "38d64d6ab5fcceb7b85f5b3d79e3b87335cbed5f",
        "is_verified": false,
        "line_number": 2187
      },
      {
        "type": "Hex High Entropy String",
        "filename": ".ubon/results-cache.json",
        "hashed_secret": "5241ec21f7b6b0fb9ec326f7e5ce203d47dded85",
        "is_verified": false,
        "line_number": 2191
      },
      {
        "type": "Hex High Entropy String",
        "filename": ".ubon/results-cache.json",
        "hashed_secret": "e9336210ac341a284816bb132a5237658443a25b",
        "is_verified": false,
        "line_number": 2195
      },
      {
        "type": "Hex High Entropy String",
        "filename": ".ubon/results-cache.json",
        "hashed_secret": "ee5dcd7ec35d6bbf9feeb5d2885c566bf122babb",
        "is_verified": false,
        "line_number": 2199
      },
      {
        "type": "Hex High Entropy String",
        "filename": ".ubon/results-cache.json",
        "hashed_secret": "bc7b40d774afc770625ca582b10939a71d82b8f9",
        "is_verified": false,
        "line_number": 2203
      },
      {
        "type": "Hex High Entropy String",
        "filename": ".ubon/results-cache.json",
        "hashed_secret": "cab2c06e3dc3415896ef006af81be66104a465af",
        "is_verified": false,
        "line_number": 2236
      },
      {
        "type": "Hex High Entropy String",
        "filename": ".ubon/results-cache.json",
        "hashed_secret": "66425f0d925055ba5e3a7fe8b935d9041b11acb6",
        "is_verified": false,
        "line_number": 2240
      },
      {
        "type": "Hex High Entropy String",
        "filename": ".ubon/results-cache.json",
        "hashed_secret": "311df005a568ed6ad97cc05832f235c10b5238aa",
        "is_verified": false,
        "line_number": 2244
      },
      {
        "type": "Hex High Entropy String",
        "filename": ".ubon/results-cache.json",
        "hashed_secret": "b0a7ae4f3452d2d2e0cce831cf1ec82da1bf13b1",
        "is_verified": false,
        "line_number": 2248
      },
      {
        "type": "Hex High Entropy String",
        "filename": ".ubon/results-cache.json",
        "hashed_secret": "5c5b6a822594c70eb560a29ee60908bd90906f1a",
        "is_verified": false,
        "line_number": 2309
      },
      {
        "type": "Hex High Entropy String",
        "filename": ".ubon/results-cache.json",
        "hashed_secret": "2fa5a353b52e7aa6416aab3a21f7dae425a624a2",
        "is_verified": false,
        "line_number": 2313
      },
      {
        "type": "Hex High Entropy String",
        "filename": ".ubon/results-cache.json",
        "hashed_secret": "10fccd6337c6d5bc35bbb2961b9ae10b33a60210",
        "is_verified": false,
        "line_number": 2654
      },
      {
        "type": "Hex High Entropy String",
        "filename": ".ubon/results-cache.json",
        "hashed_secret": "c41f1cc2aac426bed055c3f11a3ca02af1770694",
        "is_verified": false,
        "line_number": 2687
      },
      {
        "type": "Hex High Entropy String",
        "filename": ".ubon/results-cache.json",
        "hashed_secret": "f4c464e4f7d48376b98de78e549776231afe60af",
        "is_verified": false,
        "line_number": 2691
      },
      {
        "type": "Hex High Entropy String",
        "filename": ".ubon/results-cache.json",
        "hashed_secret": "f3e3342975aa1b4ad1ed9ee76febaa3f9095ed59",
        "is_verified": false,
        "line_number": 2695
      },
      {
        "type": "Hex High Entropy String",
        "filename": ".ubon/results-cache.json",
        "hashed_secret": "5b92545cff59a72f8f82a9d7f1201c942c060f5a",
        "is_verified": false,
        "line_number": 2699
      },
      {
        "type": "Hex High Entropy String",
        "filename": ".ubon/results-cache.json",
        "hashed_secret": "5d72d1d982fdb946eaf4e0ede5d8f3556fad5caa",
        "is_verified": false,
        "line_number": 2703
      },
      {
        "type": "Hex High Entropy String",
        "filename": ".ubon/results-cache.json",
        "hashed_secret": "1118933c37620ff0c7d683d5a68fcc8be4de9fc7",
        "is_verified": false,
        "line_number": 2764
      },
      {
        "type": "Hex High Entropy String",
        "filename": ".ubon/results-cache.json",
        "hashed_secret": "99618692d76144a3eed7827c5a0e3f40976f4453",
        "is_verified": false,
        "line_number": 3385
      },
      {
        "type": "Hex High Entropy String",
        "filename": ".ubon/results-cache.json",
        "hashed_secret": "30d0529ded70b62b695957e477aec9d363da4dcf",
        "is_verified": false,
        "line_number": 3389
      },
      {
        "type": "Hex High Entropy String",
        "filename": ".ubon/results-cache.json",
        "hashed_secret": "6867fc3bf8ccfe75f35ffac7e90aa6d4f7585e3f",
        "is_verified": false,
        "line_number": 3393
      },
      {
        "type": "Hex High Entropy String",
        "filename": ".ubon/results-cache.json",
        "hashed_secret": "79be282bb0eb6b2bc4852e770ea29ae2d252c30d",
        "is_verified": false,
        "line_number": 3397
      },
      {
        "type": "Hex High Entropy String",
        "filename": ".ubon/results-cache.json",
        "hashed_secret": "d4374595fd9e6a3652005058f538c31577f045c1",
        "is_verified": false,
        "line_number": 3401
      },
      {
        "type": "Hex High Entropy String",
        "filename": ".ubon/results-cache.json",
        "hashed_secret": "ca19b51f5a9b347d37640b4c03e39d0fdfbe2c35",
        "is_verified": false,
        "line_number": 3405
      },
      {
        "type": "Hex High Entropy String",
        "filename": ".ubon/results-cache.json",
        "hashed_secret": "2a6693d559edf0d1523e64b04c39abf3c3436ab2",
        "is_verified": false,
        "line_number": 3438
      },
      {
        "type": "Hex High Entropy String",
        "filename": ".ubon/results-cache.json",
        "hashed_secret": "a77780f2729e3adcdfce191430c438bdd0b9aace",
        "is_verified": false,
        "line_number": 3442
      },
      {
        "type": "Hex High Entropy String",
        "filename": ".ubon/results-cache.json",
        "hashed_secret": "828ec16165128fb3470ec3e7adc788da5aed6855",
        "is_verified": false,
        "line_number": 3446
      },
      {
        "type": "Hex High Entropy String",
        "filename": ".ubon/results-cache.json",
        "hashed_secret": "0ccc84b98f32b12a7a37c180a83cb608ae60116e",
        "is_verified": false,
        "line_number": 3479
      },
      {
        "type": "Hex High Entropy String",
        "filename": ".ubon/results-cache.json",
        "hashed_secret": "07ac4ef689344365477d1cf00a8f09abee78b7a3",
        "is_verified": false,
        "line_number": 3483
      },
      {
        "type": "Hex High Entropy String",
        "filename": ".ubon/results-cache.json",
        "hashed_secret": "264d12d06d16f2ab652d5dd6c360f724156d4123",
        "is_verified": false,
        "line_number": 3516
      },
      {
        "type": "Hex High Entropy String",
        "filename": ".ubon/results-cache.json",
        "hashed_secret": "fdd112bb87e65f48ffcd36de0c25fa3e6e54c655",
        "is_verified": false,
        "line_number": 3549
      },
      {
        "type": "Hex High Entropy String",
        "filename": ".ubon/results-cache.json",
        "hashed_secret": "7649ca56f1ba4ea483f74e0533270ce7adf67764",
        "is_verified": false,
        "line_number": 3638
      },
      {
        "type": "Hex High Entropy String",
        "filename": ".ubon/results-cache.json",
        "hashed_secret": "15e690d7db040afc0b71a01a1cb8ff15601059ce",
        "is_verified": false,
        "line_number": 3923
      },
      {
        "type": "Hex High Entropy String",
        "filename": ".ubon/results-cache.json",
        "hashed_secret": "05ceb59ca45172fdecbc6ef660a970d641135e77",
        "is_verified": false,
        "line_number": 3956
      },
      {
        "type": "Hex High Entropy String",
        "filename": ".ubon/results-cache.json",
        "hashed_secret": "c0f9345d5299d602c5dca89b7ed46470b6484594",
        "is_verified": false,
        "line_number": 3989
      },
      {
        "type": "Hex High Entropy String",
        "filename": ".ubon/results-cache.json",
        "hashed_secret": "d30935c6c52ab65f5c2d0966e2ceeaf672535144",
        "is_verified": false,
        "line_number": 4106
      },
      {
        "type": "Hex High Entropy String",
        "filename": ".ubon/results-cache.json",
        "hashed_secret": "ac5dd04f7cbc172c2abc845864f3c489d543fec2",
        "is_verified": false,
        "line_number": 4110
      },
      {
        "type": "Hex High Entropy String",
        "filename": ".ubon/results-cache.json",
        "hashed_secret": "8145f7bd7bc8a186549cf280ee1c030636862d79",
        "is_verified": false,
        "line_number": 4171
      },
      {
        "type": "Hex High Entropy String",
        "filename": ".ubon/results-cache.json",
        "hashed_secret": "3a1b9f2403224f94d0750882c6edbe14cbcb3705",
        "is_verified": false,
        "line_number": 4232
      },
      {
        "type": "Hex High Entropy String",
        "filename": ".ubon/results-cache.json",
        "hashed_secret": "b01d98d167021a04ce1c83b1a0c36cdb2998a591",
        "is_verified": false,
        "line_number": 4236
      },
      {
        "type": "Hex High Entropy String",
        "filename": ".ubon/results-cache.json",
        "hashed_secret": "b3e5a866997f1af1dc39a243b858ebd88900a8ef",
        "is_verified": false,
        "line_number": 4240
      },
      {
        "type": "Hex High Entropy String",
        "filename": ".ubon/results-cache.json",
        "hashed_secret": "98a75de53180d0dfbe8012bd4bcc21418088c826",
        "is_verified": false,
        "line_number": 4244
      },
      {
        "type": "Hex High Entropy String",
        "filename": ".ubon/results-cache.json",
        "hashed_secret": "17d008573be6688f08190a13fe091419592dd602",
        "is_verified": false,
        "line_number": 4361
      },
      {
        "type": "Hex High Entropy String",
        "filename": ".ubon/results-cache.json",
        "hashed_secret": "83f68fa9eead2c03cb4d86c4499c241ef54efe7b",
        "is_verified": false,
        "line_number": 4365
      },
      {
        "type": "Hex High Entropy String",
        "filename": ".ubon/results-cache.json",
        "hashed_secret": "475ddbf622e56cfc15b2e918849b5094e613eb1b",
        "is_verified": false,
        "line_number": 4369
      },
      {
        "type": "Hex High Entropy String",
        "filename": ".ubon/results-cache.json",
        "hashed_secret": "d8ff39b12349b1dc5a07bb124e39a1c2486782ba",
        "is_verified": false,
        "line_number": 4430
      },
      {
        "type": "Hex High Entropy String",
        "filename": ".ubon/results-cache.json",
        "hashed_secret": "365a6f9b3517d2982fa4d7cdbaae666997024605",
        "is_verified": false,
        "line_number": 4434
      },
      {
        "type": "Hex High Entropy String",
        "filename": ".ubon/results-cache.json",
        "hashed_secret": "7ede04e895163bedded9bd91c4acbd94dceac6c3",
        "is_verified": false,
        "line_number": 4495
      },
      {
        "type": "Hex High Entropy String",
        "filename": ".ubon/results-cache.json",
        "hashed_secret": "795dbc18a2a9ccd63e1fa96b2b685f1d01728456",
        "is_verified": false,
        "line_number": 4499
      },
      {
        "type": "Hex High Entropy String",
        "filename": ".ubon/results-cache.json",
        "hashed_secret": "641f3c5e6481d820007142fa00d84e1088ed8d20",
        "is_verified": false,
        "line_number": 4503
      }
    ],
    "docs/STATUS_AND_ROADMAP.md": [
      {
        "type": "Secret Keyword",
        "filename": "docs/STATUS_AND_ROADMAP.md",
        "hashed_secret": "cbfdac6008f9cab4083784cbd1874f76618d2a97",
        "is_verified": false,
        "line_number": 68
      }
    ],
    "template.js": [
      {
        "type": "Base64 High Entropy String",
        "filename": "template.js",
        "hashed_secret": "f1d0aa6113b5008c0940238079242228b837e01f",
        "is_verified": false,
        "line_number": 12
      }
    ],
    "tests/checkout.controller.test.js": [
      {
        "type": "Secret Keyword",
        "filename": "tests/checkout.controller.test.js",
        "hashed_secret": "fd7ff86961a7173951e8eaa4e24718828c7d6f0e",
        "is_verified": false,
        "line_number": 32
      },
      {
        "type": "Secret Keyword",
        "filename": "tests/checkout.controller.test.js",
        "hashed_secret": "bd215d9a0697684ad930f55fc65fed92253f7c43",
        "is_verified": false,
        "line_number": 39
      }
    ],
    "tests/config.test.js": [
      {
        "type": "Secret Keyword",
        "filename": "tests/config.test.js",
        "hashed_secret": "3c4e609c4c9807c0f9a5c5898adc0838d0fade86",
        "is_verified": false,
        "line_number": 60
      }
    ]
  },
  "generated_at": "2026-04-19T17:25:37Z"
}
